

================================================================
== Vivado HLS Report for 'compute_global_pool_array_array_ap_fixed_64u_config10_s'
================================================================
* Date:           Tue Jan 17 16:00:03 2023

* Version:        2019.2 (Build 2704478 on Wed Nov 06 22:10:23 MST 2019)
* Project:        myproject_prj
* Solution:       solution1
* Product family: virtex7
* Target device:  xc7vx690t-ffg1761-2


================================================================
== Performance Estimates
================================================================
+ Timing: 
    * Summary: 
    +--------+---------+----------+------------+
    |  Clock |  Target | Estimated| Uncertainty|
    +--------+---------+----------+------------+
    |ap_clk  | 3.33 ns | 1.655 ns |   0.42 ns  |
    +--------+---------+----------+------------+

+ Latency: 
    * Summary: 
    +---------+---------+----------+----------+-----+-----+----------+
    |  Latency (cycles) |  Latency (absolute) |  Interval | Pipeline |
    |   min   |   max   |    min   |    max   | min | max |   Type   |
    +---------+---------+----------+----------+-----+-----+----------+
    |        0|        0|   0 ns   |   0 ns   |    1|    1| function |
    +---------+---------+----------+----------+-----+-----+----------+

    + Detail: 
        * Instance: 
        N/A

        * Loop: 
        N/A



================================================================
== Utilization Estimates
================================================================
* Summary: 
+-----------------+---------+-------+--------+--------+-----+
|       Name      | BRAM_18K| DSP48E|   FF   |   LUT  | URAM|
+-----------------+---------+-------+--------+--------+-----+
|DSP              |        -|      -|       -|       -|    -|
|Expression       |        -|      -|       0|    1856|    -|
|FIFO             |        -|      -|       -|       -|    -|
|Instance         |        -|      -|       -|       -|    -|
|Memory           |        -|      -|       -|       -|    -|
|Multiplexer      |        -|      -|       -|       -|    -|
|Register         |        -|      -|       -|       -|    -|
+-----------------+---------+-------+--------+--------+-----+
|Total            |        0|      0|       0|    1856|    0|
+-----------------+---------+-------+--------+--------+-----+
|Available        |     2940|   3600|  866400|  433200|    0|
+-----------------+---------+-------+--------+--------+-----+
|Utilization (%)  |        0|      0|       0|   ~0   |    0|
+-----------------+---------+-------+--------+--------+-----+

+ Detail: 
    * Instance: 
    N/A

    * DSP48E: 
    N/A

    * Memory: 
    N/A

    * FIFO: 
    N/A

    * Expression: 
    +----------------------------+----------+-------+---+----+------------+------------+
    |        Variable Name       | Operation| DSP48E| FF| LUT| Bitwidth P0| Bitwidth P1|
    +----------------------------+----------+-------+---+----+------------+------------+
    |icmp_ln1494_10_fu_1168_p2   |   icmp   |      0|  0|  13|          16|          16|
    |icmp_ln1494_11_fu_1182_p2   |   icmp   |      0|  0|  13|          16|          16|
    |icmp_ln1494_12_fu_1196_p2   |   icmp   |      0|  0|  13|          16|          16|
    |icmp_ln1494_13_fu_1210_p2   |   icmp   |      0|  0|  13|          16|          16|
    |icmp_ln1494_14_fu_1224_p2   |   icmp   |      0|  0|  13|          16|          16|
    |icmp_ln1494_15_fu_1238_p2   |   icmp   |      0|  0|  13|          16|          16|
    |icmp_ln1494_16_fu_1252_p2   |   icmp   |      0|  0|  13|          16|          16|
    |icmp_ln1494_17_fu_1266_p2   |   icmp   |      0|  0|  13|          16|          16|
    |icmp_ln1494_18_fu_1280_p2   |   icmp   |      0|  0|  13|          16|          16|
    |icmp_ln1494_19_fu_1294_p2   |   icmp   |      0|  0|  13|          16|          16|
    |icmp_ln1494_1_fu_1042_p2    |   icmp   |      0|  0|  13|          16|          16|
    |icmp_ln1494_20_fu_1308_p2   |   icmp   |      0|  0|  13|          16|          16|
    |icmp_ln1494_21_fu_1322_p2   |   icmp   |      0|  0|  13|          16|          16|
    |icmp_ln1494_22_fu_1336_p2   |   icmp   |      0|  0|  13|          16|          16|
    |icmp_ln1494_23_fu_1350_p2   |   icmp   |      0|  0|  13|          16|          16|
    |icmp_ln1494_24_fu_1364_p2   |   icmp   |      0|  0|  13|          16|          16|
    |icmp_ln1494_25_fu_1378_p2   |   icmp   |      0|  0|  13|          16|          16|
    |icmp_ln1494_26_fu_1392_p2   |   icmp   |      0|  0|  13|          16|          16|
    |icmp_ln1494_27_fu_1406_p2   |   icmp   |      0|  0|  13|          16|          16|
    |icmp_ln1494_28_fu_1420_p2   |   icmp   |      0|  0|  13|          16|          16|
    |icmp_ln1494_29_fu_1434_p2   |   icmp   |      0|  0|  13|          16|          16|
    |icmp_ln1494_2_fu_1056_p2    |   icmp   |      0|  0|  13|          16|          16|
    |icmp_ln1494_30_fu_1448_p2   |   icmp   |      0|  0|  13|          16|          16|
    |icmp_ln1494_31_fu_1462_p2   |   icmp   |      0|  0|  13|          16|          16|
    |icmp_ln1494_32_fu_1476_p2   |   icmp   |      0|  0|  13|          16|          16|
    |icmp_ln1494_33_fu_1490_p2   |   icmp   |      0|  0|  13|          16|          16|
    |icmp_ln1494_34_fu_1504_p2   |   icmp   |      0|  0|  13|          16|          16|
    |icmp_ln1494_35_fu_1518_p2   |   icmp   |      0|  0|  13|          16|          16|
    |icmp_ln1494_36_fu_1532_p2   |   icmp   |      0|  0|  13|          16|          16|
    |icmp_ln1494_37_fu_1546_p2   |   icmp   |      0|  0|  13|          16|          16|
    |icmp_ln1494_38_fu_1560_p2   |   icmp   |      0|  0|  13|          16|          16|
    |icmp_ln1494_39_fu_1574_p2   |   icmp   |      0|  0|  13|          16|          16|
    |icmp_ln1494_3_fu_1070_p2    |   icmp   |      0|  0|  13|          16|          16|
    |icmp_ln1494_40_fu_1588_p2   |   icmp   |      0|  0|  13|          16|          16|
    |icmp_ln1494_41_fu_1602_p2   |   icmp   |      0|  0|  13|          16|          16|
    |icmp_ln1494_42_fu_1616_p2   |   icmp   |      0|  0|  13|          16|          16|
    |icmp_ln1494_43_fu_1630_p2   |   icmp   |      0|  0|  13|          16|          16|
    |icmp_ln1494_44_fu_1644_p2   |   icmp   |      0|  0|  13|          16|          16|
    |icmp_ln1494_45_fu_1658_p2   |   icmp   |      0|  0|  13|          16|          16|
    |icmp_ln1494_46_fu_1672_p2   |   icmp   |      0|  0|  13|          16|          16|
    |icmp_ln1494_47_fu_1686_p2   |   icmp   |      0|  0|  13|          16|          16|
    |icmp_ln1494_48_fu_1700_p2   |   icmp   |      0|  0|  13|          16|          16|
    |icmp_ln1494_49_fu_1714_p2   |   icmp   |      0|  0|  13|          16|          16|
    |icmp_ln1494_4_fu_1084_p2    |   icmp   |      0|  0|  13|          16|          16|
    |icmp_ln1494_50_fu_1728_p2   |   icmp   |      0|  0|  13|          16|          16|
    |icmp_ln1494_51_fu_1742_p2   |   icmp   |      0|  0|  13|          16|          16|
    |icmp_ln1494_52_fu_1756_p2   |   icmp   |      0|  0|  13|          16|          16|
    |icmp_ln1494_53_fu_1770_p2   |   icmp   |      0|  0|  13|          16|          16|
    |icmp_ln1494_54_fu_1784_p2   |   icmp   |      0|  0|  13|          16|          16|
    |icmp_ln1494_55_fu_1798_p2   |   icmp   |      0|  0|  13|          16|          16|
    |icmp_ln1494_56_fu_1812_p2   |   icmp   |      0|  0|  13|          16|          16|
    |icmp_ln1494_57_fu_1826_p2   |   icmp   |      0|  0|  13|          16|          16|
    |icmp_ln1494_58_fu_1840_p2   |   icmp   |      0|  0|  13|          16|          16|
    |icmp_ln1494_59_fu_1854_p2   |   icmp   |      0|  0|  13|          16|          16|
    |icmp_ln1494_5_fu_1098_p2    |   icmp   |      0|  0|  13|          16|          16|
    |icmp_ln1494_60_fu_1868_p2   |   icmp   |      0|  0|  13|          16|          16|
    |icmp_ln1494_61_fu_1882_p2   |   icmp   |      0|  0|  13|          16|          16|
    |icmp_ln1494_62_fu_1896_p2   |   icmp   |      0|  0|  13|          16|          16|
    |icmp_ln1494_63_fu_1910_p2   |   icmp   |      0|  0|  13|          16|          16|
    |icmp_ln1494_6_fu_1112_p2    |   icmp   |      0|  0|  13|          16|          16|
    |icmp_ln1494_7_fu_1126_p2    |   icmp   |      0|  0|  13|          16|          16|
    |icmp_ln1494_8_fu_1140_p2    |   icmp   |      0|  0|  13|          16|          16|
    |icmp_ln1494_9_fu_1154_p2    |   icmp   |      0|  0|  13|          16|          16|
    |icmp_ln1494_fu_1028_p2      |   icmp   |      0|  0|  13|          16|          16|
    |select_ln466_10_fu_1174_p3  |  select  |      0|  0|  16|           1|          16|
    |select_ln466_11_fu_1188_p3  |  select  |      0|  0|  16|           1|          16|
    |select_ln466_12_fu_1202_p3  |  select  |      0|  0|  16|           1|          16|
    |select_ln466_13_fu_1216_p3  |  select  |      0|  0|  16|           1|          16|
    |select_ln466_14_fu_1230_p3  |  select  |      0|  0|  16|           1|          16|
    |select_ln466_15_fu_1244_p3  |  select  |      0|  0|  16|           1|          16|
    |select_ln466_16_fu_1258_p3  |  select  |      0|  0|  16|           1|          16|
    |select_ln466_17_fu_1272_p3  |  select  |      0|  0|  16|           1|          16|
    |select_ln466_18_fu_1286_p3  |  select  |      0|  0|  16|           1|          16|
    |select_ln466_19_fu_1300_p3  |  select  |      0|  0|  16|           1|          16|
    |select_ln466_1_fu_1048_p3   |  select  |      0|  0|  16|           1|          16|
    |select_ln466_20_fu_1314_p3  |  select  |      0|  0|  16|           1|          16|
    |select_ln466_21_fu_1328_p3  |  select  |      0|  0|  16|           1|          16|
    |select_ln466_22_fu_1342_p3  |  select  |      0|  0|  16|           1|          16|
    |select_ln466_23_fu_1356_p3  |  select  |      0|  0|  16|           1|          16|
    |select_ln466_24_fu_1370_p3  |  select  |      0|  0|  16|           1|          16|
    |select_ln466_25_fu_1384_p3  |  select  |      0|  0|  16|           1|          16|
    |select_ln466_26_fu_1398_p3  |  select  |      0|  0|  16|           1|          16|
    |select_ln466_27_fu_1412_p3  |  select  |      0|  0|  16|           1|          16|
    |select_ln466_28_fu_1426_p3  |  select  |      0|  0|  16|           1|          16|
    |select_ln466_29_fu_1440_p3  |  select  |      0|  0|  16|           1|          16|
    |select_ln466_2_fu_1062_p3   |  select  |      0|  0|  16|           1|          16|
    |select_ln466_30_fu_1454_p3  |  select  |      0|  0|  16|           1|          16|
    |select_ln466_31_fu_1468_p3  |  select  |      0|  0|  16|           1|          16|
    |select_ln466_32_fu_1482_p3  |  select  |      0|  0|  16|           1|          16|
    |select_ln466_33_fu_1496_p3  |  select  |      0|  0|  16|           1|          16|
    |select_ln466_34_fu_1510_p3  |  select  |      0|  0|  16|           1|          16|
    |select_ln466_35_fu_1524_p3  |  select  |      0|  0|  16|           1|          16|
    |select_ln466_36_fu_1538_p3  |  select  |      0|  0|  16|           1|          16|
    |select_ln466_37_fu_1552_p3  |  select  |      0|  0|  16|           1|          16|
    |select_ln466_38_fu_1566_p3  |  select  |      0|  0|  16|           1|          16|
    |select_ln466_39_fu_1580_p3  |  select  |      0|  0|  16|           1|          16|
    |select_ln466_3_fu_1076_p3   |  select  |      0|  0|  16|           1|          16|
    |select_ln466_40_fu_1594_p3  |  select  |      0|  0|  16|           1|          16|
    |select_ln466_41_fu_1608_p3  |  select  |      0|  0|  16|           1|          16|
    |select_ln466_42_fu_1622_p3  |  select  |      0|  0|  16|           1|          16|
    |select_ln466_43_fu_1636_p3  |  select  |      0|  0|  16|           1|          16|
    |select_ln466_44_fu_1650_p3  |  select  |      0|  0|  16|           1|          16|
    |select_ln466_45_fu_1664_p3  |  select  |      0|  0|  16|           1|          16|
    |select_ln466_46_fu_1678_p3  |  select  |      0|  0|  16|           1|          16|
    |select_ln466_47_fu_1692_p3  |  select  |      0|  0|  16|           1|          16|
    |select_ln466_48_fu_1706_p3  |  select  |      0|  0|  16|           1|          16|
    |select_ln466_49_fu_1720_p3  |  select  |      0|  0|  16|           1|          16|
    |select_ln466_4_fu_1090_p3   |  select  |      0|  0|  16|           1|          16|
    |select_ln466_50_fu_1734_p3  |  select  |      0|  0|  16|           1|          16|
    |select_ln466_51_fu_1748_p3  |  select  |      0|  0|  16|           1|          16|
    |select_ln466_52_fu_1762_p3  |  select  |      0|  0|  16|           1|          16|
    |select_ln466_53_fu_1776_p3  |  select  |      0|  0|  16|           1|          16|
    |select_ln466_54_fu_1790_p3  |  select  |      0|  0|  16|           1|          16|
    |select_ln466_55_fu_1804_p3  |  select  |      0|  0|  16|           1|          16|
    |select_ln466_56_fu_1818_p3  |  select  |      0|  0|  16|           1|          16|
    |select_ln466_57_fu_1832_p3  |  select  |      0|  0|  16|           1|          16|
    |select_ln466_58_fu_1846_p3  |  select  |      0|  0|  16|           1|          16|
    |select_ln466_59_fu_1860_p3  |  select  |      0|  0|  16|           1|          16|
    |select_ln466_5_fu_1104_p3   |  select  |      0|  0|  16|           1|          16|
    |select_ln466_60_fu_1874_p3  |  select  |      0|  0|  16|           1|          16|
    |select_ln466_61_fu_1888_p3  |  select  |      0|  0|  16|           1|          16|
    |select_ln466_62_fu_1902_p3  |  select  |      0|  0|  16|           1|          16|
    |select_ln466_63_fu_1916_p3  |  select  |      0|  0|  16|           1|          16|
    |select_ln466_6_fu_1118_p3   |  select  |      0|  0|  16|           1|          16|
    |select_ln466_7_fu_1132_p3   |  select  |      0|  0|  16|           1|          16|
    |select_ln466_8_fu_1146_p3   |  select  |      0|  0|  16|           1|          16|
    |select_ln466_9_fu_1160_p3   |  select  |      0|  0|  16|           1|          16|
    |select_ln466_fu_1034_p3     |  select  |      0|  0|  16|           1|          16|
    +----------------------------+----------+-------+---+----+------------+------------+
    |Total                       |          |      0|  0|1856|        1088|        2048|
    +----------------------------+----------+-------+---+----+------------+------------+

    * Multiplexer: 
    N/A

    * Register: 
    N/A



================================================================
== Interface
================================================================
* Summary: 
+------------------------+-----+-----+------------+---------------------------------------------------------+--------------+
|        RTL Ports       | Dir | Bits|  Protocol  |                      Source Object                      |    C Type    |
+------------------------+-----+-----+------------+---------------------------------------------------------+--------------+
|ap_ready                | out |    1| ap_ctrl_hs | compute_global_pool<array,array<ap_fixed,64u>,config10> | return value |
|ap_return_0             | out |   16| ap_ctrl_hs | compute_global_pool<array,array<ap_fixed,64u>,config10> | return value |
|ap_return_1             | out |   16| ap_ctrl_hs | compute_global_pool<array,array<ap_fixed,64u>,config10> | return value |
|ap_return_2             | out |   16| ap_ctrl_hs | compute_global_pool<array,array<ap_fixed,64u>,config10> | return value |
|ap_return_3             | out |   16| ap_ctrl_hs | compute_global_pool<array,array<ap_fixed,64u>,config10> | return value |
|ap_return_4             | out |   16| ap_ctrl_hs | compute_global_pool<array,array<ap_fixed,64u>,config10> | return value |
|ap_return_5             | out |   16| ap_ctrl_hs | compute_global_pool<array,array<ap_fixed,64u>,config10> | return value |
|ap_return_6             | out |   16| ap_ctrl_hs | compute_global_pool<array,array<ap_fixed,64u>,config10> | return value |
|ap_return_7             | out |   16| ap_ctrl_hs | compute_global_pool<array,array<ap_fixed,64u>,config10> | return value |
|ap_return_8             | out |   16| ap_ctrl_hs | compute_global_pool<array,array<ap_fixed,64u>,config10> | return value |
|ap_return_9             | out |   16| ap_ctrl_hs | compute_global_pool<array,array<ap_fixed,64u>,config10> | return value |
|ap_return_10            | out |   16| ap_ctrl_hs | compute_global_pool<array,array<ap_fixed,64u>,config10> | return value |
|ap_return_11            | out |   16| ap_ctrl_hs | compute_global_pool<array,array<ap_fixed,64u>,config10> | return value |
|ap_return_12            | out |   16| ap_ctrl_hs | compute_global_pool<array,array<ap_fixed,64u>,config10> | return value |
|ap_return_13            | out |   16| ap_ctrl_hs | compute_global_pool<array,array<ap_fixed,64u>,config10> | return value |
|ap_return_14            | out |   16| ap_ctrl_hs | compute_global_pool<array,array<ap_fixed,64u>,config10> | return value |
|ap_return_15            | out |   16| ap_ctrl_hs | compute_global_pool<array,array<ap_fixed,64u>,config10> | return value |
|ap_return_16            | out |   16| ap_ctrl_hs | compute_global_pool<array,array<ap_fixed,64u>,config10> | return value |
|ap_return_17            | out |   16| ap_ctrl_hs | compute_global_pool<array,array<ap_fixed,64u>,config10> | return value |
|ap_return_18            | out |   16| ap_ctrl_hs | compute_global_pool<array,array<ap_fixed,64u>,config10> | return value |
|ap_return_19            | out |   16| ap_ctrl_hs | compute_global_pool<array,array<ap_fixed,64u>,config10> | return value |
|ap_return_20            | out |   16| ap_ctrl_hs | compute_global_pool<array,array<ap_fixed,64u>,config10> | return value |
|ap_return_21            | out |   16| ap_ctrl_hs | compute_global_pool<array,array<ap_fixed,64u>,config10> | return value |
|ap_return_22            | out |   16| ap_ctrl_hs | compute_global_pool<array,array<ap_fixed,64u>,config10> | return value |
|ap_return_23            | out |   16| ap_ctrl_hs | compute_global_pool<array,array<ap_fixed,64u>,config10> | return value |
|ap_return_24            | out |   16| ap_ctrl_hs | compute_global_pool<array,array<ap_fixed,64u>,config10> | return value |
|ap_return_25            | out |   16| ap_ctrl_hs | compute_global_pool<array,array<ap_fixed,64u>,config10> | return value |
|ap_return_26            | out |   16| ap_ctrl_hs | compute_global_pool<array,array<ap_fixed,64u>,config10> | return value |
|ap_return_27            | out |   16| ap_ctrl_hs | compute_global_pool<array,array<ap_fixed,64u>,config10> | return value |
|ap_return_28            | out |   16| ap_ctrl_hs | compute_global_pool<array,array<ap_fixed,64u>,config10> | return value |
|ap_return_29            | out |   16| ap_ctrl_hs | compute_global_pool<array,array<ap_fixed,64u>,config10> | return value |
|ap_return_30            | out |   16| ap_ctrl_hs | compute_global_pool<array,array<ap_fixed,64u>,config10> | return value |
|ap_return_31            | out |   16| ap_ctrl_hs | compute_global_pool<array,array<ap_fixed,64u>,config10> | return value |
|ap_return_32            | out |   16| ap_ctrl_hs | compute_global_pool<array,array<ap_fixed,64u>,config10> | return value |
|ap_return_33            | out |   16| ap_ctrl_hs | compute_global_pool<array,array<ap_fixed,64u>,config10> | return value |
|ap_return_34            | out |   16| ap_ctrl_hs | compute_global_pool<array,array<ap_fixed,64u>,config10> | return value |
|ap_return_35            | out |   16| ap_ctrl_hs | compute_global_pool<array,array<ap_fixed,64u>,config10> | return value |
|ap_return_36            | out |   16| ap_ctrl_hs | compute_global_pool<array,array<ap_fixed,64u>,config10> | return value |
|ap_return_37            | out |   16| ap_ctrl_hs | compute_global_pool<array,array<ap_fixed,64u>,config10> | return value |
|ap_return_38            | out |   16| ap_ctrl_hs | compute_global_pool<array,array<ap_fixed,64u>,config10> | return value |
|ap_return_39            | out |   16| ap_ctrl_hs | compute_global_pool<array,array<ap_fixed,64u>,config10> | return value |
|ap_return_40            | out |   16| ap_ctrl_hs | compute_global_pool<array,array<ap_fixed,64u>,config10> | return value |
|ap_return_41            | out |   16| ap_ctrl_hs | compute_global_pool<array,array<ap_fixed,64u>,config10> | return value |
|ap_return_42            | out |   16| ap_ctrl_hs | compute_global_pool<array,array<ap_fixed,64u>,config10> | return value |
|ap_return_43            | out |   16| ap_ctrl_hs | compute_global_pool<array,array<ap_fixed,64u>,config10> | return value |
|ap_return_44            | out |   16| ap_ctrl_hs | compute_global_pool<array,array<ap_fixed,64u>,config10> | return value |
|ap_return_45            | out |   16| ap_ctrl_hs | compute_global_pool<array,array<ap_fixed,64u>,config10> | return value |
|ap_return_46            | out |   16| ap_ctrl_hs | compute_global_pool<array,array<ap_fixed,64u>,config10> | return value |
|ap_return_47            | out |   16| ap_ctrl_hs | compute_global_pool<array,array<ap_fixed,64u>,config10> | return value |
|ap_return_48            | out |   16| ap_ctrl_hs | compute_global_pool<array,array<ap_fixed,64u>,config10> | return value |
|ap_return_49            | out |   16| ap_ctrl_hs | compute_global_pool<array,array<ap_fixed,64u>,config10> | return value |
|ap_return_50            | out |   16| ap_ctrl_hs | compute_global_pool<array,array<ap_fixed,64u>,config10> | return value |
|ap_return_51            | out |   16| ap_ctrl_hs | compute_global_pool<array,array<ap_fixed,64u>,config10> | return value |
|ap_return_52            | out |   16| ap_ctrl_hs | compute_global_pool<array,array<ap_fixed,64u>,config10> | return value |
|ap_return_53            | out |   16| ap_ctrl_hs | compute_global_pool<array,array<ap_fixed,64u>,config10> | return value |
|ap_return_54            | out |   16| ap_ctrl_hs | compute_global_pool<array,array<ap_fixed,64u>,config10> | return value |
|ap_return_55            | out |   16| ap_ctrl_hs | compute_global_pool<array,array<ap_fixed,64u>,config10> | return value |
|ap_return_56            | out |   16| ap_ctrl_hs | compute_global_pool<array,array<ap_fixed,64u>,config10> | return value |
|ap_return_57            | out |   16| ap_ctrl_hs | compute_global_pool<array,array<ap_fixed,64u>,config10> | return value |
|ap_return_58            | out |   16| ap_ctrl_hs | compute_global_pool<array,array<ap_fixed,64u>,config10> | return value |
|ap_return_59            | out |   16| ap_ctrl_hs | compute_global_pool<array,array<ap_fixed,64u>,config10> | return value |
|ap_return_60            | out |   16| ap_ctrl_hs | compute_global_pool<array,array<ap_fixed,64u>,config10> | return value |
|ap_return_61            | out |   16| ap_ctrl_hs | compute_global_pool<array,array<ap_fixed,64u>,config10> | return value |
|ap_return_62            | out |   16| ap_ctrl_hs | compute_global_pool<array,array<ap_fixed,64u>,config10> | return value |
|ap_return_63            | out |   16| ap_ctrl_hs | compute_global_pool<array,array<ap_fixed,64u>,config10> | return value |
|in_elem_data_0_V_read   |  in |   16|   ap_none  |                  in_elem_data_0_V_read                  |    scalar    |
|in_elem_data_1_V_read   |  in |   16|   ap_none  |                  in_elem_data_1_V_read                  |    scalar    |
|in_elem_data_2_V_read   |  in |   16|   ap_none  |                  in_elem_data_2_V_read                  |    scalar    |
|in_elem_data_3_V_read   |  in |   16|   ap_none  |                  in_elem_data_3_V_read                  |    scalar    |
|in_elem_data_4_V_read   |  in |   16|   ap_none  |                  in_elem_data_4_V_read                  |    scalar    |
|in_elem_data_5_V_read   |  in |   16|   ap_none  |                  in_elem_data_5_V_read                  |    scalar    |
|in_elem_data_6_V_read   |  in |   16|   ap_none  |                  in_elem_data_6_V_read                  |    scalar    |
|in_elem_data_7_V_read   |  in |   16|   ap_none  |                  in_elem_data_7_V_read                  |    scalar    |
|in_elem_data_8_V_read   |  in |   16|   ap_none  |                  in_elem_data_8_V_read                  |    scalar    |
|in_elem_data_9_V_read   |  in |   16|   ap_none  |                  in_elem_data_9_V_read                  |    scalar    |
|in_elem_data_10_V_read  |  in |   16|   ap_none  |                  in_elem_data_10_V_read                 |    scalar    |
|in_elem_data_11_V_read  |  in |   16|   ap_none  |                  in_elem_data_11_V_read                 |    scalar    |
|in_elem_data_12_V_read  |  in |   16|   ap_none  |                  in_elem_data_12_V_read                 |    scalar    |
|in_elem_data_13_V_read  |  in |   16|   ap_none  |                  in_elem_data_13_V_read                 |    scalar    |
|in_elem_data_14_V_read  |  in |   16|   ap_none  |                  in_elem_data_14_V_read                 |    scalar    |
|in_elem_data_15_V_read  |  in |   16|   ap_none  |                  in_elem_data_15_V_read                 |    scalar    |
|in_elem_data_16_V_read  |  in |   16|   ap_none  |                  in_elem_data_16_V_read                 |    scalar    |
|in_elem_data_17_V_read  |  in |   16|   ap_none  |                  in_elem_data_17_V_read                 |    scalar    |
|in_elem_data_18_V_read  |  in |   16|   ap_none  |                  in_elem_data_18_V_read                 |    scalar    |
|in_elem_data_19_V_read  |  in |   16|   ap_none  |                  in_elem_data_19_V_read                 |    scalar    |
|in_elem_data_20_V_read  |  in |   16|   ap_none  |                  in_elem_data_20_V_read                 |    scalar    |
|in_elem_data_21_V_read  |  in |   16|   ap_none  |                  in_elem_data_21_V_read                 |    scalar    |
|in_elem_data_22_V_read  |  in |   16|   ap_none  |                  in_elem_data_22_V_read                 |    scalar    |
|in_elem_data_23_V_read  |  in |   16|   ap_none  |                  in_elem_data_23_V_read                 |    scalar    |
|in_elem_data_24_V_read  |  in |   16|   ap_none  |                  in_elem_data_24_V_read                 |    scalar    |
|in_elem_data_25_V_read  |  in |   16|   ap_none  |                  in_elem_data_25_V_read                 |    scalar    |
|in_elem_data_26_V_read  |  in |   16|   ap_none  |                  in_elem_data_26_V_read                 |    scalar    |
|in_elem_data_27_V_read  |  in |   16|   ap_none  |                  in_elem_data_27_V_read                 |    scalar    |
|in_elem_data_28_V_read  |  in |   16|   ap_none  |                  in_elem_data_28_V_read                 |    scalar    |
|in_elem_data_29_V_read  |  in |   16|   ap_none  |                  in_elem_data_29_V_read                 |    scalar    |
|in_elem_data_30_V_read  |  in |   16|   ap_none  |                  in_elem_data_30_V_read                 |    scalar    |
|in_elem_data_31_V_read  |  in |   16|   ap_none  |                  in_elem_data_31_V_read                 |    scalar    |
|in_elem_data_32_V_read  |  in |   16|   ap_none  |                  in_elem_data_32_V_read                 |    scalar    |
|in_elem_data_33_V_read  |  in |   16|   ap_none  |                  in_elem_data_33_V_read                 |    scalar    |
|in_elem_data_34_V_read  |  in |   16|   ap_none  |                  in_elem_data_34_V_read                 |    scalar    |
|in_elem_data_35_V_read  |  in |   16|   ap_none  |                  in_elem_data_35_V_read                 |    scalar    |
|in_elem_data_36_V_read  |  in |   16|   ap_none  |                  in_elem_data_36_V_read                 |    scalar    |
|in_elem_data_37_V_read  |  in |   16|   ap_none  |                  in_elem_data_37_V_read                 |    scalar    |
|in_elem_data_38_V_read  |  in |   16|   ap_none  |                  in_elem_data_38_V_read                 |    scalar    |
|in_elem_data_39_V_read  |  in |   16|   ap_none  |                  in_elem_data_39_V_read                 |    scalar    |
|in_elem_data_40_V_read  |  in |   16|   ap_none  |                  in_elem_data_40_V_read                 |    scalar    |
|in_elem_data_41_V_read  |  in |   16|   ap_none  |                  in_elem_data_41_V_read                 |    scalar    |
|in_elem_data_42_V_read  |  in |   16|   ap_none  |                  in_elem_data_42_V_read                 |    scalar    |
|in_elem_data_43_V_read  |  in |   16|   ap_none  |                  in_elem_data_43_V_read                 |    scalar    |
|in_elem_data_44_V_read  |  in |   16|   ap_none  |                  in_elem_data_44_V_read                 |    scalar    |
|in_elem_data_45_V_read  |  in |   16|   ap_none  |                  in_elem_data_45_V_read                 |    scalar    |
|in_elem_data_46_V_read  |  in |   16|   ap_none  |                  in_elem_data_46_V_read                 |    scalar    |
|in_elem_data_47_V_read  |  in |   16|   ap_none  |                  in_elem_data_47_V_read                 |    scalar    |
|in_elem_data_48_V_read  |  in |   16|   ap_none  |                  in_elem_data_48_V_read                 |    scalar    |
|in_elem_data_49_V_read  |  in |   16|   ap_none  |                  in_elem_data_49_V_read                 |    scalar    |
|in_elem_data_50_V_read  |  in |   16|   ap_none  |                  in_elem_data_50_V_read                 |    scalar    |
|in_elem_data_51_V_read  |  in |   16|   ap_none  |                  in_elem_data_51_V_read                 |    scalar    |
|in_elem_data_52_V_read  |  in |   16|   ap_none  |                  in_elem_data_52_V_read                 |    scalar    |
|in_elem_data_53_V_read  |  in |   16|   ap_none  |                  in_elem_data_53_V_read                 |    scalar    |
|in_elem_data_54_V_read  |  in |   16|   ap_none  |                  in_elem_data_54_V_read                 |    scalar    |
|in_elem_data_55_V_read  |  in |   16|   ap_none  |                  in_elem_data_55_V_read                 |    scalar    |
|in_elem_data_56_V_read  |  in |   16|   ap_none  |                  in_elem_data_56_V_read                 |    scalar    |
|in_elem_data_57_V_read  |  in |   16|   ap_none  |                  in_elem_data_57_V_read                 |    scalar    |
|in_elem_data_58_V_read  |  in |   16|   ap_none  |                  in_elem_data_58_V_read                 |    scalar    |
|in_elem_data_59_V_read  |  in |   16|   ap_none  |                  in_elem_data_59_V_read                 |    scalar    |
|in_elem_data_60_V_read  |  in |   16|   ap_none  |                  in_elem_data_60_V_read                 |    scalar    |
|in_elem_data_61_V_read  |  in |   16|   ap_none  |                  in_elem_data_61_V_read                 |    scalar    |
|in_elem_data_62_V_read  |  in |   16|   ap_none  |                  in_elem_data_62_V_read                 |    scalar    |
|in_elem_data_63_V_read  |  in |   16|   ap_none  |                  in_elem_data_63_V_read                 |    scalar    |
|data_window_0_V_read    |  in |   16|   ap_none  |                   data_window_0_V_read                  |    scalar    |
|data_window_1_V_read    |  in |   16|   ap_none  |                   data_window_1_V_read                  |    scalar    |
|data_window_2_V_read    |  in |   16|   ap_none  |                   data_window_2_V_read                  |    scalar    |
|data_window_3_V_read    |  in |   16|   ap_none  |                   data_window_3_V_read                  |    scalar    |
|data_window_4_V_read    |  in |   16|   ap_none  |                   data_window_4_V_read                  |    scalar    |
|data_window_5_V_read    |  in |   16|   ap_none  |                   data_window_5_V_read                  |    scalar    |
|data_window_6_V_read    |  in |   16|   ap_none  |                   data_window_6_V_read                  |    scalar    |
|data_window_7_V_read    |  in |   16|   ap_none  |                   data_window_7_V_read                  |    scalar    |
|data_window_8_V_read    |  in |   16|   ap_none  |                   data_window_8_V_read                  |    scalar    |
|data_window_9_V_read    |  in |   16|   ap_none  |                   data_window_9_V_read                  |    scalar    |
|data_window_10_V_read   |  in |   16|   ap_none  |                  data_window_10_V_read                  |    scalar    |
|data_window_11_V_read   |  in |   16|   ap_none  |                  data_window_11_V_read                  |    scalar    |
|data_window_12_V_read   |  in |   16|   ap_none  |                  data_window_12_V_read                  |    scalar    |
|data_window_13_V_read   |  in |   16|   ap_none  |                  data_window_13_V_read                  |    scalar    |
|data_window_14_V_read   |  in |   16|   ap_none  |                  data_window_14_V_read                  |    scalar    |
|data_window_15_V_read   |  in |   16|   ap_none  |                  data_window_15_V_read                  |    scalar    |
|data_window_16_V_read   |  in |   16|   ap_none  |                  data_window_16_V_read                  |    scalar    |
|data_window_17_V_read   |  in |   16|   ap_none  |                  data_window_17_V_read                  |    scalar    |
|data_window_18_V_read   |  in |   16|   ap_none  |                  data_window_18_V_read                  |    scalar    |
|data_window_19_V_read   |  in |   16|   ap_none  |                  data_window_19_V_read                  |    scalar    |
|data_window_20_V_read   |  in |   16|   ap_none  |                  data_window_20_V_read                  |    scalar    |
|data_window_21_V_read   |  in |   16|   ap_none  |                  data_window_21_V_read                  |    scalar    |
|data_window_22_V_read   |  in |   16|   ap_none  |                  data_window_22_V_read                  |    scalar    |
|data_window_23_V_read   |  in |   16|   ap_none  |                  data_window_23_V_read                  |    scalar    |
|data_window_24_V_read   |  in |   16|   ap_none  |                  data_window_24_V_read                  |    scalar    |
|data_window_25_V_read   |  in |   16|   ap_none  |                  data_window_25_V_read                  |    scalar    |
|data_window_26_V_read   |  in |   16|   ap_none  |                  data_window_26_V_read                  |    scalar    |
|data_window_27_V_read   |  in |   16|   ap_none  |                  data_window_27_V_read                  |    scalar    |
|data_window_28_V_read   |  in |   16|   ap_none  |                  data_window_28_V_read                  |    scalar    |
|data_window_29_V_read   |  in |   16|   ap_none  |                  data_window_29_V_read                  |    scalar    |
|data_window_30_V_read   |  in |   16|   ap_none  |                  data_window_30_V_read                  |    scalar    |
|data_window_31_V_read   |  in |   16|   ap_none  |                  data_window_31_V_read                  |    scalar    |
|data_window_32_V_read   |  in |   16|   ap_none  |                  data_window_32_V_read                  |    scalar    |
|data_window_33_V_read   |  in |   16|   ap_none  |                  data_window_33_V_read                  |    scalar    |
|data_window_34_V_read   |  in |   16|   ap_none  |                  data_window_34_V_read                  |    scalar    |
|data_window_35_V_read   |  in |   16|   ap_none  |                  data_window_35_V_read                  |    scalar    |
|data_window_36_V_read   |  in |   16|   ap_none  |                  data_window_36_V_read                  |    scalar    |
|data_window_37_V_read   |  in |   16|   ap_none  |                  data_window_37_V_read                  |    scalar    |
|data_window_38_V_read   |  in |   16|   ap_none  |                  data_window_38_V_read                  |    scalar    |
|data_window_39_V_read   |  in |   16|   ap_none  |                  data_window_39_V_read                  |    scalar    |
|data_window_40_V_read   |  in |   16|   ap_none  |                  data_window_40_V_read                  |    scalar    |
|data_window_41_V_read   |  in |   16|   ap_none  |                  data_window_41_V_read                  |    scalar    |
|data_window_42_V_read   |  in |   16|   ap_none  |                  data_window_42_V_read                  |    scalar    |
|data_window_43_V_read   |  in |   16|   ap_none  |                  data_window_43_V_read                  |    scalar    |
|data_window_44_V_read   |  in |   16|   ap_none  |                  data_window_44_V_read                  |    scalar    |
|data_window_45_V_read   |  in |   16|   ap_none  |                  data_window_45_V_read                  |    scalar    |
|data_window_46_V_read   |  in |   16|   ap_none  |                  data_window_46_V_read                  |    scalar    |
|data_window_47_V_read   |  in |   16|   ap_none  |                  data_window_47_V_read                  |    scalar    |
|data_window_48_V_read   |  in |   16|   ap_none  |                  data_window_48_V_read                  |    scalar    |
|data_window_49_V_read   |  in |   16|   ap_none  |                  data_window_49_V_read                  |    scalar    |
|data_window_50_V_read   |  in |   16|   ap_none  |                  data_window_50_V_read                  |    scalar    |
|data_window_51_V_read   |  in |   16|   ap_none  |                  data_window_51_V_read                  |    scalar    |
|data_window_52_V_read   |  in |   16|   ap_none  |                  data_window_52_V_read                  |    scalar    |
|data_window_53_V_read   |  in |   16|   ap_none  |                  data_window_53_V_read                  |    scalar    |
|data_window_54_V_read   |  in |   16|   ap_none  |                  data_window_54_V_read                  |    scalar    |
|data_window_55_V_read   |  in |   16|   ap_none  |                  data_window_55_V_read                  |    scalar    |
|data_window_56_V_read   |  in |   16|   ap_none  |                  data_window_56_V_read                  |    scalar    |
|data_window_57_V_read   |  in |   16|   ap_none  |                  data_window_57_V_read                  |    scalar    |
|data_window_58_V_read   |  in |   16|   ap_none  |                  data_window_58_V_read                  |    scalar    |
|data_window_59_V_read   |  in |   16|   ap_none  |                  data_window_59_V_read                  |    scalar    |
|data_window_60_V_read   |  in |   16|   ap_none  |                  data_window_60_V_read                  |    scalar    |
|data_window_61_V_read   |  in |   16|   ap_none  |                  data_window_61_V_read                  |    scalar    |
|data_window_62_V_read   |  in |   16|   ap_none  |                  data_window_62_V_read                  |    scalar    |
|data_window_63_V_read   |  in |   16|   ap_none  |                  data_window_63_V_read                  |    scalar    |
+------------------------+-----+-----+------------+---------------------------------------------------------+--------------+

